Microchip MPLAB XC8 Compiler V2.00 ()

Linker command line:

-W-3 --edf=/opt/microchip/xc8/v2.00/pic/dat/en_msgs.txt -cs \
  -h+dist/default/production/lcd_demo.X.production.sym \
  --cmf=dist/default/production/lcd_demo.X.production.cmf -z -Q16F887 \
  -o/tmp/xcXMb0QIC --defsym=__MPLAB_BUILD=1 \
  -Mdist/default/production/lcd_demo.X.production.map -E1 -ver=XC8 \
  --acfsm=1493 -ASTACK=0110h-016fh -pstack=STACK -ACODE=00h-07FFhx4 \
  -ASTRCODE=00h-01FFFh -ASTRING=00h-0FFhx32 -ACONST=00h-0FFhx32 \
  -AENTRY=00h-0FFhx32 -ACOMMON=070h-07Fh -ABANK0=020h-06Fh \
  -ABANK1=0A0h-0EFh -ABANK2=0110h-016Fh -ABANK3=0190h-01EFh \
  -ARAM=020h-06Fh,0A0h-0EFh,0110h-016Fh,0190h-01EFh \
  -AABS1=020h-07Fh,0A0h-0EFh,0110h-016Fh,0190h-01EFh -ASFR0=00h-01Fh \
  -ASFR1=080h-09Fh -ASFR2=0100h-010Fh -ASFR3=0180h-018Fh \
  -preset_vec=00h,intentry,init,end_init -ppowerup=CODE -pcinit=CODE \
  -pfunctab=ENTRY -ACONFIG=02007h-02008h -pconfig=CONFIG -DCONFIG=2 \
  -AIDLOC=02000h-02003h -pidloc=IDLOC -DIDLOC=2 -AEEDATA=00h-0FFh/02100h \
  -peeprom_data=EEDATA -DEEDATA=2 -DCODE=2 -DSTRCODE=2 -DSTRING=2 -DCONST=2 \
  -DENTRY=2 -k /tmp/xcXWerjf5.o \
  dist/default/production/lcd_demo.X.production.o 

Object code version is 3.11

Machine type is 16F887



                Name                               Link     Load   Length Selector   Space Scale
/tmp/xcXWerjf5.o
                end_init                              0        0        3        0       0
                config                             2007     2007        2     400E       0
dist/default/production/lcd_demo.X.production.o
                cinit                               7FC      7FC        4      FF8       0
                text10                              3AB      3AB       2C      756       0
                text9                               409      409       36      812       0
                text8                               4B1      4B1       AB      962       0
                text7                               43F      43F       36      87E       0
                text6                               38F      38F       1C      71E       0
                text5                               375      375       1A      6EA       0
                text4                               475      475       3C      8EA       0
                text3                               3D7      3D7       32      7AE       0
                text2                               36F      36F        6      6DE       0
                text1                               55C      55C       D1      AB8       0
                maintext                            62D      62D      1CF      C5A       0
                cstackBANK0                          20       20       10       20       1
                cstackCOMMON                         70       70        E       70       1
                strings                               3        3       53        6       0

TOTAL           Name                               Link     Load   Length     Space
        CLASS   STACK          

        CLASS   CODE           
                end_init                              0        0        3         0
                cinit                               7FC      7FC        4         0
                text10                              3AB      3AB       2C         0
                text9                               409      409       36         0
                text8                               4B1      4B1       AB         0
                text7                               43F      43F       36         0
                text6                               38F      38F       1C         0
                text5                               375      375       1A         0
                text4                               475      475       3C         0
                text3                               3D7      3D7       32         0
                text2                               36F      36F        6         0
                text1                               55C      55C       D1         0
                maintext                            62D      62D      1CF         0

        CLASS   STRCODE        

        CLASS   STRING         
                strings                               3        3       53         0

        CLASS   CONST          

        CLASS   ENTRY          

        CLASS   COMMON         
                cstackCOMMON                         70       70        E         1

        CLASS   BANK0          
                cstackBANK0                          20       20       10         1

        CLASS   BANK1          

        CLASS   BANK2          

        CLASS   BANK3          

        CLASS   RAM            

        CLASS   ABS1           
                abs_s1                               7E       7E        2         1

        CLASS   SFR0           

        CLASS   SFR1           

        CLASS   SFR2           

        CLASS   SFR3           

        CLASS   CONFIG         
                config                             2007     2007        2         0

        CLASS   IDLOC          

        CLASS   EEDATA         



SEGMENTS        Name                           Load    Length   Top    Selector   Space  Class     Delta

                reset_vec                      000000  000003  000003         0       0  CODE        2
                strings                        000003  000053  000056         6       0  STRING      2
                cstackBANK0                    000020  000010  000030        20       1  BANK0       1
                cstackCOMMON                   000070  00000E  00007E        70       1  COMMON      1
                text2                          00036F  000006  000375       6DE       0  CODE        2
                text5                          000375  00001A  00038F       6EA       0  CODE        2
                text6                          00038F  00001C  0003AB       71E       0  CODE        2
                text10                         0003AB  00002C  0003D7       756       0  CODE        2
                text3                          0003D7  000032  000409       7AE       0  CODE        2
                text9                          000409  000036  00043F       812       0  CODE        2
                text7                          00043F  000036  000475       87E       0  CODE        2
                text4                          000475  00003C  0004B1       8EA       0  CODE        2
                text8                          0004B1  0000AB  00055C       962       0  CODE        2
                text1                          00055C  0000D1  00062D       AB8       0  CODE        2
                maintext                       00062D  0001CF  0007FC       C5A       0  CODE        2
                cinit                          0007FC  000004  000800       FF8       0  CODE        2
                config                         002007  000002  002009      400E       0  CONFIG      2


UNUSED ADDRESS RANGES

        Name                Unused          Largest block    Delta
        BANK0            0030-006F             40           1
        BANK1            00A0-00EF             50           1
        BANK2            0110-016F             60           1
        BANK3            0190-01EF             60           1
        CODE             0056-036E            319           2
                         0800-1FFF            800
        CONST            0056-036E            100           2
                         0800-1FFF            100
        EEDATA           2100-21FF            100           2
        ENTRY            0056-036E            100           2
                         0800-1FFF            100
        IDLOC            2000-2003              4           2
        RAM              0030-006F             40           1
                         00A0-00EF             50
                         0110-016F             60
                         0190-01EF             60
        SFR0             0000-001F             20           1
        SFR1             0080-009F             20           1
        SFR2             0100-010F             10           1
        SFR3             0180-018F             10           1
        STACK            0110-016F             60           1
        STRCODE          0056-036E            319           2
                         0800-1FFF           1800
        STRING           0056-036E            100           2
                         0800-1FFF            100

                                  Symbol Table

?___lwdiv                       cstackCOMMON 0070
?___lwmod                       cstackCOMMON 0078
?_printf                        cstackBANK0  0020
LCD_CommandWrite@cmd            cstackCOMMON 0073
LCD_Initialize@lines            cstackCOMMON 0078
LCD_Initialize@row              cstackCOMMON 0074
LCD_PrintChar@a                 cstackCOMMON 0073
LCD_PrintString@str             cstackCOMMON 0075
LCD_SetCursorPosition@line      cstackCOMMON 0077
LCD_SetCursorPosition@row       cstackCOMMON 0074
_ANSEL                          (abs)        0188
_LCD_CommandWrite               text9        0409
_LCD_Initialize                 text8        04B1
_LCD_PrintChar                  text7        043F
_LCD_PrintString                text6        038F
_LCD_SetCursorPosition          text5        0375
_RD0                            (abs)        0040
_RD1                            (abs)        0041
_RD2                            (abs)        0042
_RD3                            (abs)        0043
_RE0                            (abs)        0048
_RE1                            (abs)        0049
_TRISD0                         (abs)        0440
_TRISD1                         (abs)        0441
_TRISD2                         (abs)        0442
_TRISD3                         (abs)        0443
_TRISE0                         (abs)        0448
_TRISE1                         (abs)        0449
__CFG_BOR4V$BOR40V              (abs)        0000
__CFG_BOREN$ON                  (abs)        0000
__CFG_CP$OFF                    (abs)        0000
__CFG_CPD$OFF                   (abs)        0000
__CFG_FCMEN$ON                  (abs)        0000
__CFG_FOSC$HS                   (abs)        0000
__CFG_IESO$ON                   (abs)        0000
__CFG_LVP$OFF                   (abs)        0000
__CFG_MCLRE$OFF                 (abs)        0000
__CFG_PWRTE$OFF                 (abs)        0000
__CFG_WDTE$OFF                  (abs)        0000
__CFG_WRT$OFF                   (abs)        0000
__Habs1                         abs1         0000
__Hbank0                        bank0        0000
__Hbank1                        bank1        0000
__Hbank2                        bank2        0000
__Hbank3                        bank3        0000
__Hcinit                        cinit        0800
__Hclrtext                      clrtext      0000
__Hcode                         code         0000
__Hcommon                       common       0000
__Hconfig                       config       2009
__HcstackBANK0                  cstackBANK0  0000
__HcstackCOMMON                 cstackCOMMON 0000
__Heeprom_data                  eeprom_data  0000
__Hend_init                     end_init     0003
__Hfunctab                      functab      0000
__Hidloc                        idloc        0000
__Hinit                         init         0000
__Hintentry                     intentry     0000
__Hmaintext                     maintext     0000
__Hpowerup                      powerup      0000
__Hram                          ram          0000
__Hreset_vec                    reset_vec    0000
__Hsfr0                         sfr0         0000
__Hsfr1                         sfr1         0000
__Hsfr2                         sfr2         0000
__Hsfr3                         sfr3         0000
__Hspace_0                      (abs)        2009
__Hspace_1                      (abs)        007E
__Hspace_2                      (abs)        0000
__Hspace_3                      (abs)        0000
__Hstack                        stack        0000
__Hstrings                      strings      0000
__Htext                         text         0000
__Labs1                         abs1         0000
__Lbank0                        bank0        0000
__Lbank1                        bank1        0000
__Lbank2                        bank2        0000
__Lbank3                        bank3        0000
__Lcinit                        cinit        07FC
__Lclrtext                      clrtext      0000
__Lcode                         code         0000
__Lcommon                       common       0000
__Lconfig                       config       2007
__LcstackBANK0                  cstackBANK0  0000
__LcstackCOMMON                 cstackCOMMON 0000
__Leeprom_data                  eeprom_data  0000
__Lend_init                     end_init     0000
__Lfunctab                      functab      0000
__Lidloc                        idloc        0000
__Linit                         init         0000
__Lintentry                     intentry     0000
__Lmaintext                     maintext     0000
__Lpowerup                      powerup      0000
__Lram                          ram          0000
__Lreset_vec                    reset_vec    0000
__Lsfr0                         sfr0         0000
__Lsfr1                         sfr1         0000
__Lsfr2                         sfr2         0000
__Lsfr3                         sfr3         0000
__Lspace_0                      (abs)        0000
__Lspace_1                      (abs)        0000
__Lspace_2                      (abs)        0000
__Lspace_3                      (abs)        0000
__Lstack                        stack        0000
__Lstrings                      strings      0000
__Ltext                         text         0000
__S0                            (abs)        2009
__S1                            (abs)        007E
__S2                            (abs)        0000
__S3                            (abs)        0000
___int_sp                       stack        0000
___latbits                      (abs)        0002
___lwdiv                        text4        0475
___lwdiv@counter                cstackCOMMON 0077
___lwdiv@dividend               cstackCOMMON 0072
___lwdiv@divisor                cstackCOMMON 0070
___lwdiv@quotient               cstackCOMMON 0075
___lwmod                        text3        03D7
___lwmod@counter                cstackCOMMON 007D
___lwmod@dividend               cstackCOMMON 007A
___lwmod@divisor                cstackCOMMON 0078
___sp                           stack        0000
__end_of_LCD_CommandWrite       text9        043F
__end_of_LCD_Initialize         text8        055C
__end_of_LCD_PrintChar          text7        0475
__end_of_LCD_PrintString        text6        03AB
__end_of_LCD_SetCursorPosition  text5        038F
__end_of___lwdiv                text4        04B1
__end_of___lwmod                text3        0409
__end_of__initialization        cinit        07FC
__end_of__stringtab             strings      0009
__end_of_dpowers                strings      0013
__end_of_lcd_PutNibble          text10       03D7
__end_of_main                   maintext     07FC
__end_of_printf                 text1        062D
__end_of_putch                  text2        0375
__initialization                cinit        07FC
__pcstackBANK0                  cstackBANK0  0020
__pcstackCOMMON                 cstackCOMMON 0070
__pmaintext                     maintext     062D
__pstrings                      strings      0003
__ptext1                        text1        055C
__ptext10                       text10       03AB
__ptext2                        text2        036F
__ptext3                        text3        03D7
__ptext4                        text4        0475
__ptext5                        text5        0375
__ptext6                        text6        038F
__ptext7                        text7        043F
__ptext8                        text8        04B1
__ptext9                        text9        0409
__size_of_LCD_CommandWrite      (abs)        0000
__size_of_LCD_Initialize        (abs)        0000
__size_of_LCD_PrintChar         (abs)        0000
__size_of_LCD_PrintString       (abs)        0000
__size_of_LCD_SetCursorPosition (abs)        0000
__size_of___lwdiv               (abs)        0000
__size_of___lwmod               (abs)        0000
__size_of_lcd_PutNibble         (abs)        0000
__size_of_main                  (abs)        0000
__size_of_printf                (abs)        0000
__size_of_putch                 (abs)        0000
__stringbase                    strings      0008
__stringtab                     strings      0003
_dpowers                        strings      0009
_lcd_PutNibble                  text10       03AB
_main                           maintext     062D
_printf                         text1        055C
_putch                          text2        036F
btemp                           (abs)        007E
end_of_initialization           cinit        07FC
intlevel0                       functab      0000
intlevel1                       functab      0000
intlevel2                       functab      0000
intlevel3                       functab      0000
intlevel4                       functab      0000
intlevel5                       functab      0000
lcd_PutNibble@data              cstackCOMMON 0070
main@cnt                        cstackBANK0  002F
printf@ap                       cstackBANK0  0025
printf@c                        cstackBANK0  002B
printf@f                        cstackBANK0  0028
printf@flag                     cstackBANK0  0026
printf@prec                     cstackBANK0  0027
printf@val                      cstackBANK0  0029
putch@x                         cstackCOMMON 0074
reset_vec                       reset_vec    0000
stackhi                         (abs)        0000
stacklo                         (abs)        0000
start                           init         0000
start_initialization            cinit        07FC
wtemp0                          (abs)        007E


FUNCTION INFORMATION:

 *************** function _main *****************
 Defined at:
		line 39 in file "main.c"
 Parameters:    Size  Location     Type
		None
 Auto vars:     Size  Location     Type
  cnt             1   15[BANK0 ] unsigned char 
 Return value:  Size  Location     Type
                  1    wreg      void 
 Registers used:
		wreg, fsr0l, fsr0h, status,2, status,0, btemp+1, pclath, cstack
 Tracked objects:
		On entry : 
		On exit  : 
		Unchanged: 
 Data sizes:     COMMON   BANK0   BANK1   BANK3   BANK2
      Params:         0       0       0       0       0
      Locals:         0       1       0       0       0
      Temps:          0       3       0       0       0
      Totals:         0       4       0       0       0
Total ram usage:        4 bytes
 Hardware stack levels required when called:    4
 This function calls:
		_LCD_CommandWrite
		_LCD_Initialize
		_LCD_PrintString
		_LCD_SetCursorPosition
		_printf
 This function is called by:
		Startup code after reset
 This function uses a non-reentrant model


 *************** function _printf *****************
 Defined at:
		line 472 in file "/opt/microchip/xc8/v2.00/pic/sources/c90/common/doprnt.c"
 Parameters:    Size  Location     Type
  f               1    wreg     PTR const unsigned char 
		 -> STR_5(13), STR_4(14), STR_2(3), 
 Auto vars:     Size  Location     Type
  f               1    8[BANK0 ] PTR const unsigned char 
		 -> STR_5(13), STR_4(14), STR_2(3), 
  tmpval          4    0        struct .
  val             2    9[BANK0 ] unsigned int 
  cp              2    0        PTR const unsigned char 
  len             2    0        unsigned int 
  c               1   11[BANK0 ] unsigned char 
  prec            1    7[BANK0 ] char 
  flag            1    6[BANK0 ] unsigned char 
  ap              1    5[BANK0 ] PTR void [1]
		 -> ?_printf(2), 
 Return value:  Size  Location     Type
                  2    0[BANK0 ] int 
 Registers used:
		wreg, fsr0l, fsr0h, status,2, status,0, btemp+1, pclath, cstack
 Tracked objects:
		On entry : 
		On exit  : 
		Unchanged: 
 Data sizes:     COMMON   BANK0   BANK1   BANK3   BANK2
      Params:         0       2       0       0       0
      Locals:         0       7       0       0       0
      Temps:          0       3       0       0       0
      Totals:         0      12       0       0       0
Total ram usage:       12 bytes
 Hardware stack levels used:    1
 Hardware stack levels required when called:    3
 This function calls:
		___lwdiv
		___lwmod
		_putch
 This function is called by:
		_main
 This function uses a non-reentrant model


 *************** function _putch *****************
 Defined at:
		line 35 in file "main.c"
 Parameters:    Size  Location     Type
  x               1    wreg     unsigned char 
 Auto vars:     Size  Location     Type
  x               1    4[COMMON] unsigned char 
 Return value:  Size  Location     Type
                  1    wreg      void 
 Registers used:
		wreg, status,2, status,0, pclath, cstack
 Tracked objects:
		On entry : 
		On exit  : 
		Unchanged: 
 Data sizes:     COMMON   BANK0   BANK1   BANK3   BANK2
      Params:         0       0       0       0       0
      Locals:         1       0       0       0       0
      Temps:          0       0       0       0       0
      Totals:         1       0       0       0       0
Total ram usage:        1 bytes
 Hardware stack levels used:    1
 Hardware stack levels required when called:    2
 This function calls:
		_LCD_PrintChar
 This function is called by:
		_printf
 This function uses a non-reentrant model


 *************** function ___lwmod *****************
 Defined at:
		line 5 in file "/opt/microchip/xc8/v2.00/pic/sources/c90/common/lwmod.c"
 Parameters:    Size  Location     Type
  divisor         2    8[COMMON] unsigned int 
  dividend        2   10[COMMON] unsigned int 
 Auto vars:     Size  Location     Type
  counter         1   13[COMMON] unsigned char 
 Return value:  Size  Location     Type
                  2    8[COMMON] unsigned int 
 Registers used:
		wreg, status,2, status,0
 Tracked objects:
		On entry : 
		On exit  : 
		Unchanged: 
 Data sizes:     COMMON   BANK0   BANK1   BANK3   BANK2
      Params:         4       0       0       0       0
      Locals:         1       0       0       0       0
      Temps:          1       0       0       0       0
      Totals:         6       0       0       0       0
Total ram usage:        6 bytes
 Hardware stack levels used:    1
 This function calls:
		Nothing
 This function is called by:
		_printf
 This function uses a non-reentrant model


 *************** function ___lwdiv *****************
 Defined at:
		line 5 in file "/opt/microchip/xc8/v2.00/pic/sources/c90/common/lwdiv.c"
 Parameters:    Size  Location     Type
  divisor         2    0[COMMON] unsigned int 
  dividend        2    2[COMMON] unsigned int 
 Auto vars:     Size  Location     Type
  quotient        2    5[COMMON] unsigned int 
  counter         1    7[COMMON] unsigned char 
 Return value:  Size  Location     Type
                  2    0[COMMON] unsigned int 
 Registers used:
		wreg, status,2, status,0
 Tracked objects:
		On entry : 
		On exit  : 
		Unchanged: 
 Data sizes:     COMMON   BANK0   BANK1   BANK3   BANK2
      Params:         4       0       0       0       0
      Locals:         3       0       0       0       0
      Temps:          1       0       0       0       0
      Totals:         8       0       0       0       0
Total ram usage:        8 bytes
 Hardware stack levels used:    1
 This function calls:
		Nothing
 This function is called by:
		_printf
 This function uses a non-reentrant model


 *************** function _LCD_SetCursorPosition *****************
 Defined at:
		line 196 in file "lcd4bits.c"
 Parameters:    Size  Location     Type
  line            1    wreg     unsigned char 
  row             1    4[COMMON] unsigned char 
 Auto vars:     Size  Location     Type
  line            1    7[COMMON] unsigned char 
 Return value:  Size  Location     Type
                  1    wreg      void 
 Registers used:
		wreg, status,2, status,0, pclath, cstack
 Tracked objects:
		On entry : 
		On exit  : 
		Unchanged: 
 Data sizes:     COMMON   BANK0   BANK1   BANK3   BANK2
      Params:         1       0       0       0       0
      Locals:         1       0       0       0       0
      Temps:          2       0       0       0       0
      Totals:         4       0       0       0       0
Total ram usage:        4 bytes
 Hardware stack levels used:    1
 Hardware stack levels required when called:    2
 This function calls:
		_LCD_CommandWrite
 This function is called by:
		_main
 This function uses a non-reentrant model


 *************** function _LCD_PrintString *****************
 Defined at:
		line 188 in file "lcd4bits.c"
 Parameters:    Size  Location     Type
  str             1    wreg     PTR unsigned char 
		 -> STR_6(7), STR_3(15), STR_1(15), 
 Auto vars:     Size  Location     Type
  str             1    5[COMMON] PTR unsigned char 
		 -> STR_6(7), STR_3(15), STR_1(15), 
 Return value:  Size  Location     Type
                  1    wreg      void 
 Registers used:
		wreg, fsr0l, fsr0h, status,2, status,0, pclath, cstack
 Tracked objects:
		On entry : 
		On exit  : 
		Unchanged: 
 Data sizes:     COMMON   BANK0   BANK1   BANK3   BANK2
      Params:         0       0       0       0       0
      Locals:         1       0       0       0       0
      Temps:          1       0       0       0       0
      Totals:         2       0       0       0       0
Total ram usage:        2 bytes
 Hardware stack levels used:    1
 Hardware stack levels required when called:    2
 This function calls:
		_LCD_PrintChar
 This function is called by:
		_main
 This function uses a non-reentrant model


 *************** function _LCD_PrintChar *****************
 Defined at:
		line 167 in file "lcd4bits.c"
 Parameters:    Size  Location     Type
  a               1    wreg     unsigned char 
 Auto vars:     Size  Location     Type
  a               1    3[COMMON] unsigned char 
 Return value:  Size  Location     Type
                  1    wreg      void 
 Registers used:
		wreg, status,2, status,0, pclath, cstack
 Tracked objects:
		On entry : 
		On exit  : 
		Unchanged: 
 Data sizes:     COMMON   BANK0   BANK1   BANK3   BANK2
      Params:         0       0       0       0       0
      Locals:         1       0       0       0       0
      Temps:          2       0       0       0       0
      Totals:         3       0       0       0       0
Total ram usage:        3 bytes
 Hardware stack levels used:    1
 Hardware stack levels required when called:    1
 This function calls:
		_lcd_PutNibble
 This function is called by:
		_LCD_PrintString
		_putch
 This function uses a non-reentrant model


 *************** function _LCD_Initialize *****************
 Defined at:
		line 129 in file "lcd4bits.c"
 Parameters:    Size  Location     Type
  lines           1    wreg     unsigned char 
  row             1    4[COMMON] unsigned char 
 Auto vars:     Size  Location     Type
  lines           1    8[COMMON] unsigned char 
 Return value:  Size  Location     Type
                  1    wreg      void 
 Registers used:
		wreg, status,2, status,0, pclath, cstack
 Tracked objects:
		On entry : 
		On exit  : 
		Unchanged: 
 Data sizes:     COMMON   BANK0   BANK1   BANK3   BANK2
      Params:         1       0       0       0       0
      Locals:         1       0       0       0       0
      Temps:          3       0       0       0       0
      Totals:         5       0       0       0       0
Total ram usage:        5 bytes
 Hardware stack levels used:    1
 Hardware stack levels required when called:    2
 This function calls:
		_LCD_CommandWrite
		_lcd_PutNibble
 This function is called by:
		_main
 This function uses a non-reentrant model


 *************** function _LCD_CommandWrite *****************
 Defined at:
		line 177 in file "lcd4bits.c"
 Parameters:    Size  Location     Type
  cmd             1    wreg     enum E30
 Auto vars:     Size  Location     Type
  cmd             1    3[COMMON] enum E30
 Return value:  Size  Location     Type
                  1    wreg      void 
 Registers used:
		wreg, status,2, status,0, pclath, cstack
 Tracked objects:
		On entry : 
		On exit  : 
		Unchanged: 
 Data sizes:     COMMON   BANK0   BANK1   BANK3   BANK2
      Params:         0       0       0       0       0
      Locals:         1       0       0       0       0
      Temps:          2       0       0       0       0
      Totals:         3       0       0       0       0
Total ram usage:        3 bytes
 Hardware stack levels used:    1
 Hardware stack levels required when called:    1
 This function calls:
		_lcd_PutNibble
 This function is called by:
		_LCD_Initialize
		_LCD_SetCursorPosition
		_main
 This function uses a non-reentrant model


 *************** function _lcd_PutNibble *****************
 Defined at:
		line 105 in file "lcd4bits.c"
 Parameters:    Size  Location     Type
  data            1    wreg     unsigned char 
 Auto vars:     Size  Location     Type
  data            1    0[COMMON] unsigned char 
 Return value:  Size  Location     Type
                  1    wreg      void 
 Registers used:
		wreg
 Tracked objects:
		On entry : 
		On exit  : 
		Unchanged: 
 Data sizes:     COMMON   BANK0   BANK1   BANK3   BANK2
      Params:         0       0       0       0       0
      Locals:         1       0       0       0       0
      Temps:          0       0       0       0       0
      Totals:         1       0       0       0       0
Total ram usage:        1 bytes
 Hardware stack levels used:    1
 This function calls:
		Nothing
 This function is called by:
		_LCD_Initialize
		_LCD_PrintChar
		_LCD_CommandWrite
 This function uses a non-reentrant model



MODULE INFORMATION

Module		Function		Class		Link	Load	Size
lcd4bits.c
		_LCD_SetCursorPosition		CODE           	0375	0000	27
		_LCD_PrintString		CODE           	038F	0000	29
		_LCD_CommandWrite		CODE           	0409	0000	55
		_LCD_Initialize		CODE           	04B1	0000	172
		_LCD_PrintChar 		CODE           	043F	0000	55
		_lcd_PutNibble 		CODE           	03AB	0000	45

lcd4bits.c estimated size: 383

/opt/microchip/xc8/v2.00/pic/sources/c90/common/doprnt.c
		_printf        		CODE           	055C	0000	210

/opt/microchip/xc8/v2.00/pic/sources/c90/common/doprnt.c estimated size: 210

/opt/microchip/xc8/v2.00/pic/sources/c90/common/lwmod.c
		___lwmod       		CODE           	03D7	0000	51

/opt/microchip/xc8/v2.00/pic/sources/c90/common/lwmod.c estimated size: 51

shared
		__stringtab    		STRING         	0003	0000	7
		_dpowers       		STRING         	0009	0000	11
		__initialization		CODE           	07FC	0000	1

shared estimated size: 19

main.c
		_putch         		CODE           	036F	0000	7
		_main          		CODE           	062D	0000	464

main.c estimated size: 471

/opt/microchip/xc8/v2.00/pic/sources/c90/common/lwdiv.c
		___lwdiv       		CODE           	0475	0000	61

/opt/microchip/xc8/v2.00/pic/sources/c90/common/lwdiv.c estimated size: 61

